[2026-08-24 10:36:05] Starting sync: /Users/rickclark/DriverAssist/data/ -> /Users/rickclark/Library/Mobile Documents/com~apple~CloudDocs/DriverAssistData/data/
Transfer starting: 401 files
./
.DS_Store
hood_cutoff_samples.jsonl
warned-in-time-comparison.png
yolo26n-reid.onnx
26_07_25_1/
26_07_25_1/26_07_25_1.mov
26_07_26_1/
26_07_26_1/26_07_26_1.mov
26_07_26_2/
26_07_26_2/26_07_26_2.MOV
26_07_26_3/
26_07_26_3/26_07_26_3.MOV
26_07_26_4/
26_07_26_4/26_07_26_4.MOV
26_07_27_1/
26_07_27_1/26_07_27_1.MOV
26_07_27_2/
26_07_27_2/26_07_27_2.MOV
26_07_28_1_Day/
26_07_28_1_Day/26_07_28_1_Day.MOV
26_07_28_2_Night/
26_07_28_2_Night/26_07_28_2_Night.MOV
26_07_29_1_Day/
26_07_29_1_Day/26_07_29_1_Day.MOV
26_07_29_2_Night/
26_07_29_2_Night/26_07_29_2_Night-annotated.mp4
26_07_29_2_Night/26_07_29_2_Night-benchmark.json
26_07_29_2_Night/26_07_29_2_Night-benchmark.png
26_07_29_2_Night/26_07_29_2_Night-track-benchmark-gmc0-maxage10.json
26_07_29_2_Night/26_07_29_2_Night-track-benchmark-gmc0-maxage15.json
26_07_29_2_Night/26_07_29_2_Night-track-benchmark-gmc0-maxage20.json
26_07_29_2_Night/26_07_29_2_Night-track-benchmark-gmc0-maxage30.json
26_07_29_2_Night/26_07_29_2_Night-track-benchmark-gmc0-maxage5.json
26_07_29_2_Night/26_07_29_2_Night-track-benchmark-gmc1-maxage10.json
26_07_29_2_Night/26_07_29_2_Night-track-benchmark-gmc1-maxage15.json
26_07_29_2_Night/26_07_29_2_Night-track-benchmark-gmc1-maxage20.json
26_07_29_2_Night/26_07_29_2_Night-track-benchmark-gmc1-maxage30.json
26_07_29_2_Night/26_07_29_2_Night-track-benchmark-gmc1-maxage5.json
26_07_29_2_Night/26_07_29_2_Night-track-benchmark-iou0.2.json
26_07_29_2_Night/26_07_29_2_Night-track-benchmark-iou0.4.json
26_07_29_2_Night/26_07_29_2_Night-track-benchmark-iou0.5.json
26_07_29_2_Night/26_07_29_2_Night-track-benchmark-thresh0.25.json
26_07_29_2_Night/26_07_29_2_Night-track-benchmark-thresh0.4.json
26_07_29_2_Night/26_07_29_2_Night-track-benchmark-thresh0.5.json
26_07_29_2_Night/26_07_29_2_Night-track-benchmark-thresh0.6.json
26_07_29_2_Night/26_07_29_2_Night-track-benchmark-thresh0.7.json
26_07_29_2_Night/26_07_29_2_Night-track-benchmark.json
26_07_29_2_Night/26_07_29_2_Night-track-cache.pkl
26_07_29_2_Night/26_07_29_2_Night.MOV
26_07_29_2_Night/detections.jsonl
26_07_29_2_Night/overlay-debug.log
26_07_29_3_Night/
26_07_29_3_Night/26_07_29_3_Night-annotated.mp4
26_07_29_3_Night/26_07_29_3_Night-benchmark.json
26_07_29_3_Night/26_07_29_3_Night-benchmark.png
26_07_29_3_Night/26_07_29_3_Night-track-benchmark-gmc0-maxage10.json
26_07_29_3_Night/26_07_29_3_Night-track-benchmark-gmc0-maxage15.json
26_07_29_3_Night/26_07_29_3_Night-track-benchmark-gmc0-maxage20.json
26_07_29_3_Night/26_07_29_3_Night-track-benchmark-gmc0-maxage30.json
26_07_29_3_Night/26_07_29_3_Night-track-benchmark-gmc0-maxage5.json
26_07_29_3_Night/26_07_29_3_Night-track-benchmark-gmc1-maxage10.json
26_07_29_3_Night/26_07_29_3_Night-track-benchmark-gmc1-maxage15.json
26_07_29_3_Night/26_07_29_3_Night-track-benchmark-gmc1-maxage20.json
26_07_29_3_Night/26_07_29_3_Night-track-benchmark-gmc1-maxage30.json
26_07_29_3_Night/26_07_29_3_Night-track-benchmark-gmc1-maxage5.json
26_07_29_3_Night/26_07_29_3_Night-track-benchmark-iou0.2.json
26_07_29_3_Night/26_07_29_3_Night-track-benchmark-iou0.4.json
26_07_29_3_Night/26_07_29_3_Night-track-benchmark-iou0.5.json
26_07_29_3_Night/26_07_29_3_Night-track-benchmark-thresh0.25.json
26_07_29_3_Night/26_07_29_3_Night-track-benchmark-thresh0.4.json
26_07_29_3_Night/26_07_29_3_Night-track-benchmark-thresh0.5.json
26_07_29_3_Night/26_07_29_3_Night-track-benchmark-thresh0.6.json
26_07_29_3_Night/26_07_29_3_Night-track-benchmark-thresh0.7.json
26_07_29_3_Night/26_07_29_3_Night-track-benchmark.json
26_07_29_3_Night/26_07_29_3_Night-track-cache.pkl
26_07_29_3_Night/26_07_29_3_Night.MOV
26_07_29_3_Night/detections.jsonl
26_07_29_3_Night/overlay-debug.log
26_07_29_4_Night/
26_07_29_4_Night/26_07_29_4_Night-annotated.mp4
26_07_29_4_Night/26_07_29_4_Night-benchmark.json
26_07_29_4_Night/26_07_29_4_Night-benchmark.png
26_07_29_4_Night/26_07_29_4_Night-track-benchmark-gmc0-maxage10.json
26_07_29_4_Night/26_07_29_4_Night-track-benchmark-gmc0-maxage15.json
26_07_29_4_Night/26_07_29_4_Night-track-benchmark-gmc0-maxage20.json
26_07_29_4_Night/26_07_29_4_Night-track-benchmark-gmc0-maxage30.json
26_07_29_4_Night/26_07_29_4_Night-track-benchmark-gmc0-maxage5.json
26_07_29_4_Night/26_07_29_4_Night-track-benchmark-gmc1-maxage10.json
26_07_29_4_Night/26_07_29_4_Night-track-benchmark-gmc1-maxage15.json
26_07_29_4_Night/26_07_29_4_Night-track-benchmark-gmc1-maxage20.json
26_07_29_4_Night/26_07_29_4_Night-track-benchmark-gmc1-maxage30.json
26_07_29_4_Night/26_07_29_4_Night-track-benchmark-gmc1-maxage5.json
26_07_29_4_Night/26_07_29_4_Night-track-benchmark-iou0.2.json
26_07_29_4_Night/26_07_29_4_Night-track-benchmark-iou0.4.json
26_07_29_4_Night/26_07_29_4_Night-track-benchmark-iou0.5.json
26_07_29_4_Night/26_07_29_4_Night-track-benchmark-thresh0.25.json
26_07_29_4_Night/26_07_29_4_Night-track-benchmark-thresh0.4.json
26_07_29_4_Night/26_07_29_4_Night-track-benchmark-thresh0.5.json
26_07_29_4_Night/26_07_29_4_Night-track-benchmark-thresh0.6.json
26_07_29_4_Night/26_07_29_4_Night-track-benchmark-thresh0.7.json
26_07_29_4_Night/26_07_29_4_Night-track-benchmark.json
26_07_29_4_Night/26_07_29_4_Night-track-cache.pkl
26_07_29_4_Night/26_07_29_4_Night.MOV
26_07_29_4_Night/detections.jsonl
26_07_29_4_Night/overlay-debug.log
26_07_29_5_Night/
26_07_29_5_Night/26_07_29_5_Night-annotated.mp4
26_07_29_5_Night/26_07_29_5_Night-benchmark.json
26_07_29_5_Night/26_07_29_5_Night-benchmark.png
26_07_29_5_Night/26_07_29_5_Night-track-benchmark-gmc0-maxage10.json
26_07_29_5_Night/26_07_29_5_Night-track-benchmark-gmc0-maxage15.json
26_07_29_5_Night/26_07_29_5_Night-track-benchmark-gmc0-maxage20.json
26_07_29_5_Night/26_07_29_5_Night-track-benchmark-gmc0-maxage30.json
26_07_29_5_Night/26_07_29_5_Night-track-benchmark-gmc0-maxage5.json
26_07_29_5_Night/26_07_29_5_Night-track-benchmark-gmc1-maxage10.json
26_07_29_5_Night/26_07_29_5_Night-track-benchmark-gmc1-maxage15.json
26_07_29_5_Night/26_07_29_5_Night-track-benchmark-gmc1-maxage20.json
26_07_29_5_Night/26_07_29_5_Night-track-benchmark-gmc1-maxage30.json
26_07_29_5_Night/26_07_29_5_Night-track-benchmark-gmc1-maxage5.json
26_07_29_5_Night/26_07_29_5_Night-track-benchmark-iou0.2.json
26_07_29_5_Night/26_07_29_5_Night-track-benchmark-iou0.4.json
26_07_29_5_Night/26_07_29_5_Night-track-benchmark-iou0.5.json
26_07_29_5_Night/26_07_29_5_Night-track-benchmark-thresh0.25.json
26_07_29_5_Night/26_07_29_5_Night-track-benchmark-thresh0.4.json
26_07_29_5_Night/26_07_29_5_Night-track-benchmark-thresh0.5.json
26_07_29_5_Night/26_07_29_5_Night-track-benchmark-thresh0.6.json
26_07_29_5_Night/26_07_29_5_Night-track-benchmark-thresh0.7.json
26_07_29_5_Night/26_07_29_5_Night-track-benchmark.json
26_07_29_5_Night/26_07_29_5_Night-track-cache.pkl
26_07_29_5_Night/26_07_29_5_Night.MOV
26_07_29_5_Night/detections.jsonl
26_07_29_5_Night/ground_truth.json
26_07_29_5_Night/leading-vehicle-annotated.mp4
26_07_29_5_Night/leading-vehicle-hysteresis-annotated.mp4
26_07_29_5_Night/leading-vehicle.json
26_07_29_5_Night/overlay-debug.log
26_07_30_Day_Hosp_nano_off/
26_07_30_Day_Hosp_nano_off/26_07_30_Day_Hosp_nano_off-annotated.mp4
26_07_30_Day_Hosp_nano_off/26_07_30_Day_Hosp_nano_off-benchmark.json
26_07_30_Day_Hosp_nano_off/26_07_30_Day_Hosp_nano_off-benchmark.png
26_07_30_Day_Hosp_nano_off/26_07_30_Day_Hosp_nano_off-disagreement-reel.mp4
26_07_30_Day_Hosp_nano_off/26_07_30_Day_Hosp_nano_off-labeled-vs-algorithm.mp4
26_07_30_Day_Hosp_nano_off/26_07_30_Day_Hosp_nano_off-track-benchmark-gmc0-maxage10.json
26_07_30_Day_Hosp_nano_off/26_07_30_Day_Hosp_nano_off-track-benchmark-gmc0-maxage15.json
26_07_30_Day_Hosp_nano_off/26_07_30_Day_Hosp_nano_off-track-benchmark-gmc0-maxage20.json
26_07_30_Day_Hosp_nano_off/26_07_30_Day_Hosp_nano_off-track-benchmark-gmc0-maxage30.json
26_07_30_Day_Hosp_nano_off/26_07_30_Day_Hosp_nano_off-track-benchmark-gmc0-maxage5.json
26_07_30_Day_Hosp_nano_off/26_07_30_Day_Hosp_nano_off-track-benchmark-gmc1-maxage10.json
26_07_30_Day_Hosp_nano_off/26_07_30_Day_Hosp_nano_off-track-benchmark-gmc1-maxage15.json
26_07_30_Day_Hosp_nano_off/26_07_30_Day_Hosp_nano_off-track-benchmark-gmc1-maxage20.json
26_07_30_Day_Hosp_nano_off/26_07_30_Day_Hosp_nano_off-track-benchmark-gmc1-maxage30.json
26_07_30_Day_Hosp_nano_off/26_07_30_Day_Hosp_nano_off-track-benchmark-gmc1-maxage5.json
26_07_30_Day_Hosp_nano_off/26_07_30_Day_Hosp_nano_off-track-benchmark-iou0.2.json
26_07_30_Day_Hosp_nano_off/26_07_30_Day_Hosp_nano_off-track-benchmark-iou0.4.json
26_07_30_Day_Hosp_nano_off/26_07_30_Day_Hosp_nano_off-track-benchmark-iou0.5.json
26_07_30_Day_Hosp_nano_off/26_07_30_Day_Hosp_nano_off-track-benchmark-thresh0.25.json
26_07_30_Day_Hosp_nano_off/26_07_30_Day_Hosp_nano_off-track-benchmark-thresh0.4.json
26_07_30_Day_Hosp_nano_off/26_07_30_Day_Hosp_nano_off-track-benchmark-thresh0.5.json
26_07_30_Day_Hosp_nano_off/26_07_30_Day_Hosp_nano_off-track-benchmark-thresh0.6.json
26_07_30_Day_Hosp_nano_off/26_07_30_Day_Hosp_nano_off-track-benchmark-thresh0.7.json
26_07_30_Day_Hosp_nano_off/26_07_30_Day_Hosp_nano_off-track-benchmark.json
26_07_30_Day_Hosp_nano_off/26_07_30_Day_Hosp_nano_off-track-cache.pkl
26_07_30_Day_Hosp_nano_off/26_07_30_Day_Hosp_nano_off.MOV
26_07_30_Day_Hosp_nano_off/detections.jsonl
26_07_30_Day_Hosp_nano_off/disagreement-intervals.json
26_07_30_Day_Hosp_nano_off/ground_truth.json
26_07_30_Day_Hosp_nano_off/ground_truth_close_range.json
26_07_30_Day_Hosp_nano_off/ground_truth_close_range.pre_prune_backup_20260802_105409.json
26_07_30_Day_Hosp_nano_off/ground_truth_close_range.pre_prune_backup_20260802_124052.json
26_07_30_Day_Hosp_nano_off/leading-vehicle-hysteresis-annotated.mp4
26_07_30_Day_Hosp_nano_off/leading-vehicle-tuning-close-range.json
26_07_30_Day_Hosp_nano_off/leading-vehicle-tuning.json
26_07_30_Day_Hosp_nano_off/leading-vehicle.json
26_07_30_Day_Hosp_nano_off/overlay-debug.log
26_07_30_Day_Hosp_nano_off/symmetry-cache.json
26_08_05_Afternoon_Thermal/
26_08_05_Afternoon_Thermal/detections.jsonl
26_08_05_Afternoon_Thermal/overlay-debug.log
26_08_05_Afternoon_Thermal/recording-20260805-160508-annotated.mp4
26_08_05_Afternoon_Thermal/recording-20260805-160508.MOV
26_08_09_DstanceCal/
26_08_09_DstanceCal/calibration-20260809-201527.MOV
26_08_09_DstanceCal/calibration-20260809-201537.MOV
26_08_09_DstanceCal/calibration-20260809-201546.MOV
26_08_11_DistanceCalibration/
26_08_11_DistanceCalibration/calibration-20260811-154016.MOV
26_08_11_DistanceCalibration/calibration-20260811-154026.MOV
26_08_11_DistanceCalibration/calibration-20260811-154037.MOV
26_08_11_DistanceCalibration/calibration-20260811-154216.MOV
26_08_11_DistanceCalibration/calibration-20260811-154242.MOV
26_08_11_DistanceCalibration/calibration-20260811-154307.MOV
26_08_11_DistanceCalibration/calibration-20260811-154708.MOV
26_08_11_DistanceCalibration/calibration-20260811-154726.MOV
26_08_11_YawCalibration/
26_08_11_YawCalibration/.DS_Store
26_08_11_YawCalibration/detections.jsonl
26_08_11_YawCalibration/overlay-debug.log
26_08_11_YawCalibration/recording-20260811-130522-annotated.mp4
26_08_11_YawCalibration/recording-20260811-130522-yawline-check.mp4
26_08_11_YawCalibration/recording-20260811-130522.MOV
26_08_14_ConeCalibration/
26_08_14_ConeCalibration/detections.jsonl
26_08_14_ConeCalibration/far_cones_47-05.png
26_08_14_ConeCalibration/near_cones_34-10.png
26_08_14_ConeCalibration/overlay-debug.log
26_08_14_ConeCalibration/recording-20260814-154420-annotated.mp4
26_08_14_ConeCalibration/recording-20260814-154420.MOV
26_08_15_Walkaround/
26_08_15_Walkaround/.DS_Store
26_08_15_Walkaround/detections.jsonl
26_08_15_Walkaround/overlay-debug.log
26_08_15_Walkaround/recording-20260815-142808-annotated.mp4
26_08_15_Walkaround/recording-20260815-142808.MOV
26_08_15_Walkaround/_first_session_backup/
26_08_15_Walkaround/_first_session_backup/detections.jsonl
26_08_15_Walkaround/_first_session_backup/overlay-debug.log
26_08_15_Walkaround/_first_session_backup/recording-20260815-142808-annotated.mp4
26_08_16_TestDrive_LowRes_Nano_Day/
26_08_16_TestDrive_LowRes_Nano_Day/detections.jsonl
26_08_16_TestDrive_LowRes_Nano_Day/overlay-debug.log
26_08_16_TestDrive_LowRes_Nano_Day/recording-20260816-132942-annotated.mp4
26_08_16_TestDrive_LowRes_Nano_Day/recording-20260816-132942.MOV
26_08_16_TestDrive_LowRes_Nano_Day/yolo26n-reid.onnx
26_08_16_TestDrive_LowRes_Nano_Evening_1/
26_08_16_TestDrive_LowRes_Nano_Evening_1/.DS_Store
26_08_16_TestDrive_LowRes_Nano_Evening_1/detections.jsonl
26_08_16_TestDrive_LowRes_Nano_Evening_1/overlay-debug.log
26_08_16_TestDrive_LowRes_Nano_Evening_1/recording-20260816-182147_trunc-annotated.mp4
26_08_16_TestDrive_LowRes_Nano_Evening_1/recording-20260816-182147_trunc.MOV
26_08_16_TestDrive_LowRes_Nano_Evening_2/
26_08_16_TestDrive_LowRes_Nano_Evening_2/detections.jsonl
26_08_16_TestDrive_LowRes_Nano_Evening_2/overlay-debug.log
26_08_16_TestDrive_LowRes_Nano_Evening_2/recording-20260816-191917-annotated.mp4
26_08_16_TestDrive_LowRes_Nano_Evening_2/recording-20260816-191917.MOV
26_08_16_TestDrive_LowRes_Nano_Evening_3/
26_08_16_TestDrive_LowRes_Nano_Evening_3/detections.jsonl
26_08_16_TestDrive_LowRes_Nano_Evening_3/overlay-debug.log
26_08_16_TestDrive_LowRes_Nano_Evening_3/recording-20260816-185926-annotated.mp4
26_08_16_TestDrive_LowRes_Nano_Evening_3/recording-20260816-185926.MOV
26_08_17_Gym/
26_08_17_Gym/recording-20260817-174026-annotated.mp4
26_08_17_Gym/recording-20260817-174026-benchmark.json
26_08_17_Gym/recording-20260817-174026-benchmark.png
26_08_17_Gym/recording-20260817-174026-detections.jsonl
26_08_17_Gym/recording-20260817-174026-efficacy-score.json
26_08_17_Gym/recording-20260817-174026-overlay-debug.log
26_08_17_Gym/recording-20260817-174026-track-cache.pkl
26_08_17_Gym/recording-20260817-174026.MOV
26_08_17_Gym/recording-20260817-203514-annotated.mp4
26_08_17_Gym/recording-20260817-203514-benchmark.json
26_08_17_Gym/recording-20260817-203514-benchmark.png
26_08_17_Gym/recording-20260817-203514-detections.jsonl
26_08_17_Gym/recording-20260817-203514-efficacy-score.json
26_08_17_Gym/recording-20260817-203514-overlay-debug.log
26_08_17_Gym/recording-20260817-203514-track-cache.pkl
26_08_17_Gym/recording-20260817-203514.MOV
26_08_17_Matrix_Day/
26_08_17_Matrix_Day/recording-20260817-112731-annotated.mp4
26_08_17_Matrix_Day/recording-20260817-112731-benchmark.json
26_08_17_Matrix_Day/recording-20260817-112731-benchmark.png
26_08_17_Matrix_Day/recording-20260817-112731-detections.jsonl
26_08_17_Matrix_Day/recording-20260817-112731-overlay-debug.log
26_08_17_Matrix_Day/recording-20260817-112731.MOV
26_08_17_Matrix_Day/recording-20260817-113100-annotated.mp4
26_08_17_Matrix_Day/recording-20260817-113100-benchmark.json
26_08_17_Matrix_Day/recording-20260817-113100-benchmark.png
26_08_17_Matrix_Day/recording-20260817-113100-detections.jsonl
26_08_17_Matrix_Day/recording-20260817-113100-overlay-debug.log
26_08_17_Matrix_Day/recording-20260817-113100.MOV
26_08_17_Matrix_Day/recording-20260817-113426-annotated.mp4
26_08_17_Matrix_Day/recording-20260817-113426-benchmark.json
26_08_17_Matrix_Day/recording-20260817-113426-benchmark.png
26_08_17_Matrix_Day/recording-20260817-113426-detections.jsonl
26_08_17_Matrix_Day/recording-20260817-113426-overlay-debug.log
26_08_17_Matrix_Day/recording-20260817-113426.MOV
26_08_17_Matrix_Day/recording-20260817-113805-annotated.mp4
26_08_17_Matrix_Day/recording-20260817-113805-benchmark.json
26_08_17_Matrix_Day/recording-20260817-113805-benchmark.png
26_08_17_Matrix_Day/recording-20260817-113805-detections.jsonl
26_08_17_Matrix_Day/recording-20260817-113805-overlay-debug.log
26_08_17_Matrix_Day/recording-20260817-113805.MOV
26_08_17_Matrix_Day_2/
26_08_17_Matrix_Day_2/matrix-comparison.png
26_08_17_Matrix_Day_2/recording-20260817-135552-annotated.mp4
26_08_17_Matrix_Day_2/recording-20260817-135552-benchmark.json
26_08_17_Matrix_Day_2/recording-20260817-135552-benchmark.png
26_08_17_Matrix_Day_2/recording-20260817-135552-detections.jsonl
26_08_17_Matrix_Day_2/recording-20260817-135552-efficacy-score.json
26_08_17_Matrix_Day_2/recording-20260817-135552-overlay-debug.log
26_08_17_Matrix_Day_2/recording-20260817-135552-track-cache.pkl
26_08_17_Matrix_Day_2/recording-20260817-135552.MOV
26_08_17_Matrix_Day_2/recording-20260817-140208-annotated.mp4
26_08_17_Matrix_Day_2/recording-20260817-140208-benchmark.json
26_08_17_Matrix_Day_2/recording-20260817-140208-benchmark.png
26_08_17_Matrix_Day_2/recording-20260817-140208-detections.jsonl
26_08_17_Matrix_Day_2/recording-20260817-140208-efficacy-score.json
26_08_17_Matrix_Day_2/recording-20260817-140208-overlay-debug.log
26_08_17_Matrix_Day_2/recording-20260817-140208-track-cache.pkl
26_08_17_Matrix_Day_2/recording-20260817-140208.MOV
26_08_17_Matrix_Day_2/recording-20260817-140534-annotated.mp4
26_08_17_Matrix_Day_2/recording-20260817-140534-benchmark.json
26_08_17_Matrix_Day_2/recording-20260817-140534-benchmark.png
26_08_17_Matrix_Day_2/recording-20260817-140534-detections.jsonl
26_08_17_Matrix_Day_2/recording-20260817-140534-efficacy-score.json
26_08_17_Matrix_Day_2/recording-20260817-140534-overlay-debug.log
26_08_17_Matrix_Day_2/recording-20260817-140534-track-cache.pkl
26_08_17_Matrix_Day_2/recording-20260817-140534.MOV
26_08_17_Matrix_Day_2/recording-20260817-140845-annotated.mp4
26_08_17_Matrix_Day_2/recording-20260817-140845-benchmark.json
26_08_17_Matrix_Day_2/recording-20260817-140845-benchmark.png
26_08_17_Matrix_Day_2/recording-20260817-140845-detections.jsonl
26_08_17_Matrix_Day_2/recording-20260817-140845-efficacy-score.json
26_08_17_Matrix_Day_2/recording-20260817-140845-overlay-debug.log
26_08_17_Matrix_Day_2/recording-20260817-140845-track-cache.pkl
26_08_17_Matrix_Day_2/recording-20260817-140845.MOV
26_08_17_Matrix_Day_2/excluded/
26_08_17_Matrix_Day_2/excluded/recording-20260817-133639.MOV
26_08_17_Matrix_Day_2/excluded/recording-20260817-135854.MOV
26_08_18_Night/
26_08_18_Night/recording-20260818-213209-efficacy-score.json
26_08_18_Night/recording-20260818-213209-track-cache.pkl
26_08_18_Night/recording-20260818-213209.MOV
26_08_18_Night/recording-20260818-213549-efficacy-score.json
26_08_18_Night/recording-20260818-213549-track-cache.pkl
26_08_18_Night/recording-20260818-213549.MOV
26_08_18_Night/recording-20260818-213902.MOV
26_08_20_Day_Small/
26_08_20_Day_Small/detections.jsonl
26_08_20_Day_Small/overlay-debug.log
26_08_20_Day_Small/recording-20260820-133618-annotated.mp4
26_08_20_Day_Small/recording-20260820-133618-efficacy-score.json
26_08_20_Day_Small/recording-20260820-133618-track-cache.pkl
26_08_20_Day_Small/recording-20260820-133618.MOV
26_08_20_Day_Small/yolo26n-reid.onnx
26_08_20_Night_Matrix/
26_08_20_Night_Matrix/recording-20260820-211137.MOV
26_08_21_Day_Small/
26_08_21_Day_Small/recording-20260821-125413-annotated.mp4
26_08_21_Day_Small/recording-20260821-125413-detections.jsonl
26_08_21_Day_Small/recording-20260821-125413-efficacy-score.json
26_08_21_Day_Small/recording-20260821-125413-flow-annotated-3min-fixed.mp4
26_08_21_Day_Small/recording-20260821-125413-flow-annotated-3min.mp4
26_08_21_Day_Small/recording-20260821-125413-flow-annotated.mp4
26_08_21_Day_Small/recording-20260821-125413-flow-debug.json
26_08_21_Day_Small/recording-20260821-125413-overlay-debug.log
26_08_21_Day_Small/recording-20260821-125413-track-cache.pkl
26_08_21_Day_Small/recording-20260821-125413.MOV
26_08_21_Day_Small/wipercal-20260821-125352-annotated.mp4
26_08_21_Day_Small/wipercal-20260821-125352-detections.jsonl
26_08_21_Day_Small/wipercal-20260821-125352-efficacy-score.json
26_08_21_Day_Small/wipercal-20260821-125352-overlay-debug.log
26_08_21_Day_Small/wipercal-20260821-125352-track-cache.pkl
26_08_21_Day_Small/wipercal-20260821-125352.MOV
26_08_21_Day_Small/yolo26n-reid.onnx
26_08_21_Night_Matrix/
26_08_21_Night_Matrix/recording-20260821-205254-annotated.mp4
26_08_21_Night_Matrix/recording-20260821-205254-detections.jsonl
26_08_21_Night_Matrix/recording-20260821-205254-efficacy-score.json
26_08_21_Night_Matrix/recording-20260821-205254-overlay-debug.log
26_08_21_Night_Matrix/recording-20260821-205254-track-cache.pkl
26_08_21_Night_Matrix/recording-20260821-205254.MOV
26_08_21_Night_Matrix/wipercal-20260821-205111-annotated.mp4
26_08_21_Night_Matrix/wipercal-20260821-205111-detections.jsonl
26_08_21_Night_Matrix/wipercal-20260821-205111-efficacy-score.json
26_08_21_Night_Matrix/wipercal-20260821-205111-overlay-debug.log
26_08_21_Night_Matrix/wipercal-20260821-205111-track-cache.pkl
26_08_21_Night_Matrix/wipercal-20260821-205111.MOV
26_08_21_Night_Matrix/yolo26n-reid.onnx
TEST/
TEST/TEST-annotated.mp4
TEST/TEST-benchmark.json
TEST/TEST-benchmark.png
TEST/TEST.MOV
TEST/detections.jsonl
TEST/overlay-debug.log
TEST2/
TEST2/TEST2-annotated.mp4
TEST2/TEST2-benchmark.json
TEST2/TEST2-benchmark.png
TEST2/TEST2.MOV
TEST2/detections.jsonl
TEST2/overlay-debug.log
TEST3/
TEST3/TEST3-annotated.mp4
TEST3/TEST3-benchmark.json
TEST3/TEST3-benchmark.png
TEST3/TEST3.MOV
TEST3/detections.jsonl
TEST3/overlay-debug.log
head_on_cyclist_frames/
head_on_cyclist_frames/26_07_29_3_Night__26_07_29_3_Night__t494.0s__trackNone.png
head_on_cyclist_frames/26_08_16_TestDrive_LowRes_Nano_Day__recording-20260816-132942__t797.7s__track1749.png
head_on_cyclist_frames/26_08_16_TestDrive_LowRes_Nano_Evening_2__recording-20260816-191917__t83.5s__track355.png
head_on_cyclist_frames/26_08_16_TestDrive_LowRes_Nano_Evening_3__recording-20260816-185926__t462.7s__track1632.png
head_on_cyclist_frames/26_08_16_TestDrive_LowRes_Nano_Evening_3__recording-20260816-185926__t517.6s__track2016.png
head_on_cyclist_frames/26_08_17_Gym__recording-20260817-174026__t215.2s__track506.png
head_on_cyclist_frames/26_08_17_Gym__recording-20260817-174026__t311.5s__track834.png
head_on_cyclist_frames/26_08_17_Matrix_Day_2__recording-20260817-135552__t109.9s__track546.png
head_on_cyclist_frames/26_08_21_Night_Matrix__recording-20260821-205254__t486.1s__track1645.png
head_on_cyclist_frames/REPORT.md
Number of files: 401
Number of files transferred: 361
Total file size: 184153490519 B
Total transferred file size: 184153490519 B
Unmatched data: 184153490519 B
Matched data: 0 B
File list size: 31671 B
File list generation time: 0.004 seconds
File list transfer time: 0.011 seconds
Total sent: 184176018216 B
Total received: 8202 B

sent 184176018216 bytes  received 8202 bytes  291015268 bytes/sec
total size is 184153490519  speedup is 1.00
[2026-08-24 10:46:37] Sync complete.
[2026-08-25 03:00:05] Starting sync: /Users/rickclark/DriverAssist/data/ -> /Users/rickclark/Library/Mobile Documents/com~apple~CloudDocs/DriverAssistData/data/
Transfer starting: 413 files
rsync(64418): error: /Users/rickclark/Library/Mobile Documents/com~apple~CloudDocs/DriverAssistData/data/: open: Operation not permitted
rsync(64418): error: rsync_receiver
rsync(64417): error: unexpected end of file
rsync(64417): error: io_read_nonblocking
rsync(64417): error: io_read_blocking
rsync(64417): error: io_read_flush
rsync(64417): error: rsync_sender
rsync(64417): warning: child 64418 exited with status 1
[2026-08-26 03:00:05] Starting sync: /Users/rickclark/DriverAssist/data/ -> /Users/rickclark/Library/Mobile Documents/com~apple~CloudDocs/DriverAssistData/data/
Transfer starting: 419 files
rsync(32112): error: /Users/rickclark/Library/Mobile Documents/com~apple~CloudDocs/DriverAssistData/data/: open: Operation not permitted
rsync(32112): error: rsync_receiver
rsync(32111): error: unexpected end of file
rsync(32111): error: io_read_nonblocking
rsync(32111): error: io_read_blocking
rsync(32111): error: io_read_flush
rsync(32111): error: rsync_sender
rsync(32111): warning: child 32112 exited with status 1
[2026-08-27 03:00:05] Starting sync: /Users/rickclark/DriverAssist/data/ -> /Users/rickclark/Library/Mobile Documents/com~apple~CloudDocs/DriverAssistData/data/
Transfer starting: 434 files
rsync(19204): error: /Users/rickclark/Library/Mobile Documents/com~apple~CloudDocs/DriverAssistData/data/: open: Operation not permitted
rsync(19204): error: rsync_receiver
rsync(19203): error: unexpected end of file
rsync(19203): error: io_read_nonblocking
rsync(19203): error: io_read_blocking
rsync(19203): error: io_read_flush
rsync(19203): error: rsync_sender
rsync(19203): warning: child 19204 exited with status 1
[2026-08-28 03:00:05] Starting sync: /Users/rickclark/DriverAssist/data/ -> /Users/rickclark/Library/Mobile Documents/com~apple~CloudDocs/DriverAssistData/data/
Transfer starting: 434 files
rsync(71114): error: /Users/rickclark/Library/Mobile Documents/com~apple~CloudDocs/DriverAssistData/data/: open: Operation not permitted
rsync(71114): error: rsync_receiver
rsync(71113): error: unexpected end of file
rsync(71113): error: io_read_nonblocking
rsync(71113): error: io_read_blocking
rsync(71113): error: io_read_flush
rsync(71113): error: rsync_sender
rsync(71113): warning: child 71114 exited with status 1
[2026-08-29 03:00:05] Starting sync: /Users/rickclark/DriverAssist/data/ -> /Users/rickclark/Library/Mobile Documents/com~apple~CloudDocs/DriverAssistData/data/
Transfer starting: 434 files
rsync(28772): error: /Users/rickclark/Library/Mobile Documents/com~apple~CloudDocs/DriverAssistData/data/: open: Operation not permitted
rsync(28772): error: rsync_receiver
rsync(28771): error: unexpected end of file
rsync(28771): error: io_read_nonblocking
rsync(28771): error: io_read_blocking
rsync(28771): error: io_read_flush
rsync(28771): error: rsync_sender
rsync(28771): warning: child 28772 exited with status 1
[2026-08-30 03:00:05] Starting sync: /Users/rickclark/DriverAssist/data/ -> /Users/rickclark/Library/Mobile Documents/com~apple~CloudDocs/DriverAssistData/data/
Transfer starting: 435 files
rsync(86051): error: /Users/rickclark/Library/Mobile Documents/com~apple~CloudDocs/DriverAssistData/data/: open: Operation not permitted
rsync(86051): error: rsync_receiver
rsync(86050): error: unexpected end of file
rsync(86050): error: io_read_nonblocking
rsync(86050): error: io_read_blocking
rsync(86050): error: io_read_flush
rsync(86050): error: rsync_sender
rsync(86050): warning: child 86051 exited with status 1
